{
	"https://www.cs.usfca.edu/~cs212/simple/": 7,
	"https://www.cs.usfca.edu/~cs212/simple/a/b/c/subdir.html": 1,
	"https://www.cs.usfca.edu/~cs212/simple/capital_extension.HTML": 1,
	"https://www.cs.usfca.edu/~cs212/simple/hello.html": 8,
	"https://www.cs.usfca.edu/~cs212/simple/mixed_case.htm": 4,
	"https://www.cs.usfca.edu/~cs212/simple/position.html": 20,
	"https://www.cs.usfca.edu/~cs212/simple/symbols.html": 6
}