{
	"https://www.cs.usfca.edu/~cs212/rfcs/": 53,
	"https://www.cs.usfca.edu/~cs212/rfcs/rfc3629.html": 4311,
	"https://www.cs.usfca.edu/~cs212/rfcs/rfc475.html": 3240,
	"https://www.cs.usfca.edu/~cs212/rfcs/rfc5646.html": 27096,
	"https://www.cs.usfca.edu/~cs212/rfcs/rfc6805.html": 9801,
	"https://www.cs.usfca.edu/~cs212/rfcs/rfc6838.html": 9385,
	"https://www.cs.usfca.edu/~cs212/rfcs/rfc7231.html": 28831
}