{
	"https://www.cs.usfca.edu/~cs212/javadoc/api/allclasses-index.html": 61636,
	"https://www.cs.usfca.edu/~cs212/javadoc/api/deprecated-list.html": 9657,
	"https://www.cs.usfca.edu/~cs212/javadoc/api/help-doc.html": 770,
	"https://www.cs.usfca.edu/~cs212/javadoc/api/index-files/index-1.html": 45108,
	"https://www.cs.usfca.edu/~cs212/javadoc/api/index.html": 852,
	"https://www.cs.usfca.edu/~cs212/javadoc/api/java.base/java/lang/AbstractMethodError.html": 283,
	"https://www.cs.usfca.edu/~cs212/javadoc/api/java.base/java/nio/channels/spi/AbstractInterruptibleChannel.html": 811,
	"https://www.cs.usfca.edu/~cs212/javadoc/api/java.base/java/time/chrono/AbstractChronology.html": 1534,
	"https://www.cs.usfca.edu/~cs212/javadoc/api/java.base/java/util/AbstractCollection.html": 2752,
	"https://www.cs.usfca.edu/~cs212/javadoc/api/java.base/java/util/AbstractList.html": 3470,
	"https://www.cs.usfca.edu/~cs212/javadoc/api/java.base/java/util/AbstractMap.SimpleEntry.html": 707,
	"https://www.cs.usfca.edu/~cs212/javadoc/api/java.base/java/util/AbstractMap.SimpleImmutableEntry.html": 710,
	"https://www.cs.usfca.edu/~cs212/javadoc/api/java.base/java/util/AbstractMap.html": 2934,
	"https://www.cs.usfca.edu/~cs212/javadoc/api/java.base/java/util/AbstractQueue.html": 998,
	"https://www.cs.usfca.edu/~cs212/javadoc/api/java.base/java/util/List.html": 6123,
	"https://www.cs.usfca.edu/~cs212/javadoc/api/java.base/java/util/concurrent/AbstractExecutorService.html": 844,
	"https://www.cs.usfca.edu/~cs212/javadoc/api/java.base/java/util/concurrent/ExecutorService.html": 2065,
	"https://www.cs.usfca.edu/~cs212/javadoc/api/java.base/java/util/concurrent/locks/AbstractOwnableSynchronizer.html": 368,
	"https://www.cs.usfca.edu/~cs212/javadoc/api/java.compiler/javax/annotation/processing/AbstractProcessor.html": 790,
	"https://www.cs.usfca.edu/~cs212/javadoc/api/java.compiler/javax/lang/model/SourceVersion.html": 1742,
	"https://www.cs.usfca.edu/~cs212/javadoc/api/java.compiler/javax/lang/model/util/AbstractAnnotationValueVisitor14.html": 265,
	"https://www.cs.usfca.edu/~cs212/javadoc/api/java.compiler/javax/lang/model/util/AbstractAnnotationValueVisitor6.html": 665,
	"https://www.cs.usfca.edu/~cs212/javadoc/api/java.compiler/javax/lang/model/util/AbstractAnnotationValueVisitor7.html": 288,
	"https://www.cs.usfca.edu/~cs212/javadoc/api/java.compiler/javax/lang/model/util/AbstractAnnotationValueVisitor8.html": 268,
	"https://www.cs.usfca.edu/~cs212/javadoc/api/java.compiler/javax/lang/model/util/AbstractAnnotationValueVisitor9.html": 270,
	"https://www.cs.usfca.edu/~cs212/javadoc/api/java.compiler/javax/lang/model/util/AbstractElementVisitor14.html": 430,
	"https://www.cs.usfca.edu/~cs212/javadoc/api/java.compiler/javax/lang/model/util/AbstractElementVisitor6.html": 829,
	"https://www.cs.usfca.edu/~cs212/javadoc/api/java.compiler/javax/lang/model/util/AbstractElementVisitor7.html": 304,
	"https://www.cs.usfca.edu/~cs212/javadoc/api/java.compiler/javax/lang/model/util/AbstractElementVisitor8.html": 284,
	"https://www.cs.usfca.edu/~cs212/javadoc/api/java.compiler/javax/lang/model/util/AbstractElementVisitor9.html": 354,
	"https://www.cs.usfca.edu/~cs212/javadoc/api/java.desktop/java/awt/desktop/AboutEvent.html": 235,
	"https://www.cs.usfca.edu/~cs212/javadoc/api/java.desktop/java/awt/desktop/AboutHandler.html": 205,
	"https://www.cs.usfca.edu/~cs212/javadoc/api/java.desktop/java/awt/image/AbstractMultiResolutionImage.html": 733,
	"https://www.cs.usfca.edu/~cs212/javadoc/api/java.desktop/javax/swing/AbstractAction.html": 1121,
	"https://www.cs.usfca.edu/~cs212/javadoc/api/java.desktop/javax/swing/AbstractButton.html": 6756,
	"https://www.cs.usfca.edu/~cs212/javadoc/api/java.desktop/javax/swing/AbstractCellEditor.html": 623,
	"https://www.cs.usfca.edu/~cs212/javadoc/api/java.desktop/javax/swing/AbstractListModel.html": 941,
	"https://www.cs.usfca.edu/~cs212/javadoc/api/java.desktop/javax/swing/border/AbstractBorder.html": 999,
	"https://www.cs.usfca.edu/~cs212/javadoc/api/java.desktop/javax/swing/colorchooser/AbstractColorChooserPanel.html": 1544,
	"https://www.cs.usfca.edu/~cs212/javadoc/api/java.desktop/javax/swing/text/AbstractDocument.AttributeContext.html": 572,
	"https://www.cs.usfca.edu/~cs212/javadoc/api/java.desktop/javax/swing/text/AbstractDocument.Content.html": 575,
	"https://www.cs.usfca.edu/~cs212/javadoc/api/java.desktop/javax/swing/text/AbstractDocument.ElementEdit.html": 494,
	"https://www.cs.usfca.edu/~cs212/javadoc/api/java.desktop/javax/swing/text/AbstractDocument.html": 4283,
	"https://www.cs.usfca.edu/~cs212/javadoc/api/java.desktop/javax/swing/tree/AbstractLayoutCache.NodeDimensions.html": 337,
	"https://www.cs.usfca.edu/~cs212/javadoc/api/java.desktop/javax/swing/tree/AbstractLayoutCache.html": 2201,
	"https://www.cs.usfca.edu/~cs212/javadoc/api/java.prefs/java/util/prefs/AbstractPreferences.html": 6920,
	"https://www.cs.usfca.edu/~cs212/javadoc/api/java.prefs/java/util/prefs/Preferences.html": 7818,
	"https://www.cs.usfca.edu/~cs212/javadoc/api/jdk.jdi/com/sun/jdi/AbsentInformationException.html": 214,
	"https://www.cs.usfca.edu/~cs212/javadoc/api/jdk.sctp/com/sun/nio/sctp/AbstractNotificationHandler.html": 541,
	"https://www.cs.usfca.edu/~cs212/javadoc/api/overview-tree.html": 8883
}