{
	"https://www.cs.usfca.edu/~cs212/guten/": 55,
	"https://www.cs.usfca.edu/~cs212/guten/1322-h/1322-h.htm": 125836,
	"https://www.cs.usfca.edu/~cs212/guten/1400-h/1400-h.htm": 187528,
	"https://www.cs.usfca.edu/~cs212/guten/1661-h/1661-h.htm": 107430,
	"https://www.cs.usfca.edu/~cs212/guten/22577-h/22577-h.htm": 63330,
	"https://www.cs.usfca.edu/~cs212/guten/2701-h/2701-h.htm": 215438,
	"https://www.cs.usfca.edu/~cs212/guten/37134-h/37134-h.htm": 16678,
	"https://www.cs.usfca.edu/~cs212/guten/50468-h/50468-h.htm": 10971
}