{
	"https://www.cs.usfca.edu/~cs212/redirect/index.html": 4,
	"https://www.cs.usfca.edu/~cs212/redirect/one": 8
}