{
	"https://www.cs.usfca.edu/~cs212/recurse/link01.html": 1,
	"https://www.cs.usfca.edu/~cs212/recurse/link02.html": 1,
	"https://www.cs.usfca.edu/~cs212/recurse/link03.html": 1,
	"https://www.cs.usfca.edu/~cs212/recurse/link04.html": 1,
	"https://www.cs.usfca.edu/~cs212/recurse/link05.html": 1,
	"https://www.cs.usfca.edu/~cs212/recurse/link06.html": 1,
	"https://www.cs.usfca.edu/~cs212/recurse/link07.html": 1,
	"https://www.cs.usfca.edu/~cs212/recurse/link08.html": 1,
	"https://www.cs.usfca.edu/~cs212/recurse/link09.html": 1,
	"https://www.cs.usfca.edu/~cs212/recurse/link10.html": 1,
	"https://www.cs.usfca.edu/~cs212/recurse/link11.html": 1,
	"https://www.cs.usfca.edu/~cs212/recurse/link12.html": 1,
	"https://www.cs.usfca.edu/~cs212/recurse/link13.html": 1,
	"https://www.cs.usfca.edu/~cs212/recurse/link14.html": 1,
	"https://www.cs.usfca.edu/~cs212/recurse/link15.html": 1,
	"https://www.cs.usfca.edu/~cs212/recurse/link16.html": 1,
	"https://www.cs.usfca.edu/~cs212/recurse/link17.html": 1,
	"https://www.cs.usfca.edu/~cs212/recurse/link18.html": 1,
	"https://www.cs.usfca.edu/~cs212/recurse/link19.html": 1,
	"https://www.cs.usfca.edu/~cs212/recurse/link20.html": 1,
	"https://www.cs.usfca.edu/~cs212/recurse/link21.html": 1,
	"https://www.cs.usfca.edu/~cs212/recurse/link22.html": 1,
	"https://www.cs.usfca.edu/~cs212/recurse/link23.html": 1,
	"https://www.cs.usfca.edu/~cs212/recurse/link24.html": 1,
	"https://www.cs.usfca.edu/~cs212/recurse/link25.html": 1,
	"https://www.cs.usfca.edu/~cs212/recurse/link26.html": 1,
	"https://www.cs.usfca.edu/~cs212/recurse/link27.html": 1,
	"https://www.cs.usfca.edu/~cs212/recurse/link28.html": 1,
	"https://www.cs.usfca.edu/~cs212/recurse/link29.html": 1,
	"https://www.cs.usfca.edu/~cs212/recurse/link30.html": 1,
	"https://www.cs.usfca.edu/~cs212/recurse/link31.html": 1,
	"https://www.cs.usfca.edu/~cs212/recurse/link32.html": 1,
	"https://www.cs.usfca.edu/~cs212/recurse/link33.html": 1,
	"https://www.cs.usfca.edu/~cs212/recurse/link34.html": 1,
	"https://www.cs.usfca.edu/~cs212/recurse/link35.html": 1,
	"https://www.cs.usfca.edu/~cs212/recurse/link36.html": 1,
	"https://www.cs.usfca.edu/~cs212/recurse/link37.html": 1,
	"https://www.cs.usfca.edu/~cs212/recurse/link38.html": 1,
	"https://www.cs.usfca.edu/~cs212/recurse/link39.html": 1,
	"https://www.cs.usfca.edu/~cs212/recurse/link40.html": 1,
	"https://www.cs.usfca.edu/~cs212/recurse/link41.html": 1,
	"https://www.cs.usfca.edu/~cs212/recurse/link42.html": 1,
	"https://www.cs.usfca.edu/~cs212/recurse/link43.html": 1,
	"https://www.cs.usfca.edu/~cs212/recurse/link44.html": 1,
	"https://www.cs.usfca.edu/~cs212/recurse/link45.html": 1,
	"https://www.cs.usfca.edu/~cs212/recurse/link46.html": 1,
	"https://www.cs.usfca.edu/~cs212/recurse/link47.html": 1,
	"https://www.cs.usfca.edu/~cs212/recurse/link48.html": 1,
	"https://www.cs.usfca.edu/~cs212/recurse/link49.html": 1,
	"https://www.cs.usfca.edu/~cs212/recurse/link50.html": 1,
	"https://www.cs.usfca.edu/~cs212/recurse/link51.html": 1
}