{
	"https://www.cs.usfca.edu/~cs212/birds/": 53,
	"https://www.cs.usfca.edu/~cs212/birds/albatross.html": 8,
	"https://www.cs.usfca.edu/~cs212/birds/birds.html": 57,
	"https://www.cs.usfca.edu/~cs212/birds/blackbird.html": 8,
	"https://www.cs.usfca.edu/~cs212/birds/bluebird.html": 8,
	"https://www.cs.usfca.edu/~cs212/birds/cardinal.html": 8,
	"https://www.cs.usfca.edu/~cs212/birds/chickadee.html": 8,
	"https://www.cs.usfca.edu/~cs212/birds/crane.html": 8,
	"https://www.cs.usfca.edu/~cs212/birds/crow.html": 8,
	"https://www.cs.usfca.edu/~cs212/birds/cuckoo.html": 8,
	"https://www.cs.usfca.edu/~cs212/birds/dove.html": 8,
	"https://www.cs.usfca.edu/~cs212/birds/duck.html": 8,
	"https://www.cs.usfca.edu/~cs212/birds/eagle.html": 8,
	"https://www.cs.usfca.edu/~cs212/birds/egret.html": 8,
	"https://www.cs.usfca.edu/~cs212/birds/falcon.html": 8,
	"https://www.cs.usfca.edu/~cs212/birds/finch.html": 8,
	"https://www.cs.usfca.edu/~cs212/birds/goose.html": 8,
	"https://www.cs.usfca.edu/~cs212/birds/gull.html": 8,
	"https://www.cs.usfca.edu/~cs212/birds/hawk.html": 8,
	"https://www.cs.usfca.edu/~cs212/birds/heron.html": 8,
	"https://www.cs.usfca.edu/~cs212/birds/hummingbird.html": 8,
	"https://www.cs.usfca.edu/~cs212/birds/ibis.html": 8,
	"https://www.cs.usfca.edu/~cs212/birds/kingfisher.html": 8,
	"https://www.cs.usfca.edu/~cs212/birds/loon.html": 8,
	"https://www.cs.usfca.edu/~cs212/birds/magpie.html": 8,
	"https://www.cs.usfca.edu/~cs212/birds/mallard.html": 8,
	"https://www.cs.usfca.edu/~cs212/birds/meadowlark.html": 8,
	"https://www.cs.usfca.edu/~cs212/birds/mockingbird.html": 8,
	"https://www.cs.usfca.edu/~cs212/birds/nighthawk.html": 8,
	"https://www.cs.usfca.edu/~cs212/birds/osprey.html": 8,
	"https://www.cs.usfca.edu/~cs212/birds/owl.html": 8,
	"https://www.cs.usfca.edu/~cs212/birds/pelican.html": 8,
	"https://www.cs.usfca.edu/~cs212/birds/pheasant.html": 8,
	"https://www.cs.usfca.edu/~cs212/birds/pigeon.html": 8,
	"https://www.cs.usfca.edu/~cs212/birds/puffin.html": 8,
	"https://www.cs.usfca.edu/~cs212/birds/quail.html": 8,
	"https://www.cs.usfca.edu/~cs212/birds/raven.html": 8,
	"https://www.cs.usfca.edu/~cs212/birds/roadrunner.html": 8,
	"https://www.cs.usfca.edu/~cs212/birds/robin.html": 8,
	"https://www.cs.usfca.edu/~cs212/birds/sandpiper.html": 8,
	"https://www.cs.usfca.edu/~cs212/birds/sparrow.html": 8,
	"https://www.cs.usfca.edu/~cs212/birds/starling.html": 8,
	"https://www.cs.usfca.edu/~cs212/birds/stork.html": 8,
	"https://www.cs.usfca.edu/~cs212/birds/swallow.html": 8,
	"https://www.cs.usfca.edu/~cs212/birds/swan.html": 8,
	"https://www.cs.usfca.edu/~cs212/birds/tern.html": 8,
	"https://www.cs.usfca.edu/~cs212/birds/turkey.html": 8,
	"https://www.cs.usfca.edu/~cs212/birds/vulture.html": 8,
	"https://www.cs.usfca.edu/~cs212/birds/warbler.html": 8,
	"https://www.cs.usfca.edu/~cs212/birds/woodpecker.html": 8,
	"https://www.cs.usfca.edu/~cs212/birds/wren.html": 8,
	"https://www.cs.usfca.edu/~cs212/birds/yellowthroat.html": 8,
	"https://www.cs.usfca.edu/~cs212/local.html": 4,
	"https://www.cs.usfca.edu/~cs212/recurse/": 53,
	"https://www.cs.usfca.edu/~cs212/recurse/link01.html": 1,
	"https://www.cs.usfca.edu/~cs212/recurse/link02.html": 1,
	"https://www.cs.usfca.edu/~cs212/recurse/link03.html": 1,
	"https://www.cs.usfca.edu/~cs212/recurse/link04.html": 1,
	"https://www.cs.usfca.edu/~cs212/recurse/link05.html": 1,
	"https://www.cs.usfca.edu/~cs212/recurse/link06.html": 1,
	"https://www.cs.usfca.edu/~cs212/recurse/link07.html": 1,
	"https://www.cs.usfca.edu/~cs212/recurse/link08.html": 1,
	"https://www.cs.usfca.edu/~cs212/recurse/link09.html": 1,
	"https://www.cs.usfca.edu/~cs212/recurse/link10.html": 1,
	"https://www.cs.usfca.edu/~cs212/recurse/link11.html": 1,
	"https://www.cs.usfca.edu/~cs212/recurse/link12.html": 1,
	"https://www.cs.usfca.edu/~cs212/recurse/link13.html": 1,
	"https://www.cs.usfca.edu/~cs212/recurse/link14.html": 1,
	"https://www.cs.usfca.edu/~cs212/recurse/link15.html": 1,
	"https://www.cs.usfca.edu/~cs212/recurse/link16.html": 1,
	"https://www.cs.usfca.edu/~cs212/recurse/link17.html": 1,
	"https://www.cs.usfca.edu/~cs212/recurse/link18.html": 1,
	"https://www.cs.usfca.edu/~cs212/recurse/link19.html": 1,
	"https://www.cs.usfca.edu/~cs212/recurse/link20.html": 1,
	"https://www.cs.usfca.edu/~cs212/recurse/link21.html": 1,
	"https://www.cs.usfca.edu/~cs212/recurse/link22.html": 1,
	"https://www.cs.usfca.edu/~cs212/recurse/link23.html": 1,
	"https://www.cs.usfca.edu/~cs212/recurse/link24.html": 1,
	"https://www.cs.usfca.edu/~cs212/recurse/link25.html": 1,
	"https://www.cs.usfca.edu/~cs212/recurse/link26.html": 1,
	"https://www.cs.usfca.edu/~cs212/recurse/link27.html": 1,
	"https://www.cs.usfca.edu/~cs212/recurse/link28.html": 1,
	"https://www.cs.usfca.edu/~cs212/recurse/link29.html": 1,
	"https://www.cs.usfca.edu/~cs212/recurse/link30.html": 1,
	"https://www.cs.usfca.edu/~cs212/recurse/link31.html": 1,
	"https://www.cs.usfca.edu/~cs212/recurse/link32.html": 1,
	"https://www.cs.usfca.edu/~cs212/recurse/link33.html": 1,
	"https://www.cs.usfca.edu/~cs212/recurse/link34.html": 1,
	"https://www.cs.usfca.edu/~cs212/recurse/link35.html": 1,
	"https://www.cs.usfca.edu/~cs212/recurse/link36.html": 1,
	"https://www.cs.usfca.edu/~cs212/recurse/link37.html": 1,
	"https://www.cs.usfca.edu/~cs212/recurse/link38.html": 1,
	"https://www.cs.usfca.edu/~cs212/recurse/link39.html": 1,
	"https://www.cs.usfca.edu/~cs212/recurse/link40.html": 1,
	"https://www.cs.usfca.edu/~cs212/recurse/link41.html": 1,
	"https://www.cs.usfca.edu/~cs212/recurse/link42.html": 1,
	"https://www.cs.usfca.edu/~cs212/recurse/link43.html": 1,
	"https://www.cs.usfca.edu/~cs212/recurse/link44.html": 1,
	"https://www.cs.usfca.edu/~cs212/recurse/link45.html": 1,
	"https://www.cs.usfca.edu/~cs212/recurse/link46.html": 1,
	"https://www.cs.usfca.edu/~cs212/recurse/link47.html": 1,
	"https://www.cs.usfca.edu/~cs212/recurse/link48.html": 1,
	"https://www.cs.usfca.edu/~cs212/recurse/link49.html": 1,
	"https://www.cs.usfca.edu/~cs212/recurse/link50.html": 1,
	"https://www.cs.usfca.edu/~cs212/recurse/link51.html": 1,
	"https://www.cs.usfca.edu/~cs212/redirect/": 4,
	"https://www.cs.usfca.edu/~cs212/redirect/one": 8,
	"https://www.cs.usfca.edu/~cs212/simple/": 7,
	"https://www.cs.usfca.edu/~cs212/simple/a/b/c/subdir.html": 1,
	"https://www.cs.usfca.edu/~cs212/simple/capital_extension.HTML": 1,
	"https://www.cs.usfca.edu/~cs212/simple/hello.html": 8,
	"https://www.cs.usfca.edu/~cs212/simple/mixed_case.htm": 4,
	"https://www.cs.usfca.edu/~cs212/simple/position.html": 20,
	"https://www.cs.usfca.edu/~cs212/simple/symbols.html": 6
}