{
	"acknowledg correspond particular understand understood": [
		{
			"where": "input/text/stems/stem-in.txt",
			"count": 22,
			"score": 0.00098765
		},
		{
			"where": "input/text/stems/stem-out.txt",
			"count": 22,
			"score": 0.00098765
		}
	],
	"alpaca hidden narwhal practic": [
		{
			"where": "input/text/stems/stem-in.txt",
			"count": 8,
			"score": 0.00035915
		},
		{
			"where": "input/text/stems/stem-out.txt",
			"count": 8,
			"score": 0.00035915
		}
	],
	"and of the to": [
		{
			"where": "input/text/stems/stem-in.txt",
			"count": 196,
			"score": 0.00879910
		},
		{
			"where": "input/text/stems/stem-out.txt",
			"count": 196,
			"score": 0.00879910
		}
	],
	"b c f x": [
		{
			"where": "input/text/stems/stem-in.txt",
			"count": 4431,
			"score": 0.19892256
		},
		{
			"where": "input/text/stems/stem-out.txt",
			"count": 4431,
			"score": 0.19892256
		}
	],
	"ebook gutenberg": [
	],
	"how what when where whi who": [
		{
			"where": "input/text/stems/stem-in.txt",
			"count": 96,
			"score": 0.00430976
		},
		{
			"where": "input/text/stems/stem-out.txt",
			"count": 96,
			"score": 0.00430976
		}
	],
	"rfc": [
	],
	"woodchuck": [
	],
	"your yourself yourselv": [
		{
			"where": "input/text/stems/stem-in.txt",
			"count": 6,
			"score": 0.00026936
		},
		{
			"where": "input/text/stems/stem-out.txt",
			"count": 6,
			"score": 0.00026936
		}
	],
	"ø δ": [
	]
}