{
	"hello": {
		"https://www.cs.usfca.edu/~cs212/simple/hello.html": [
			1,
			3,
			5,
			7
		]
	},
	"world": {
		"https://www.cs.usfca.edu/~cs212/simple/hello.html": [
			2,
			4,
			6,
			8
		]
	}
}