{
	"eleph": {
		"https://www.cs.usfca.edu/~cs212/simple/mixed_case.htm": [
			1,
			2,
			3,
			4
		]
	}
}