{
	"antelop": {
		"https://www.cs.usfca.edu/~cs212/simple/symbols.html": [
			1,
			2,
			3,
			4,
			5,
			6
		]
	}
}