{
	"acknowledg correspond particular understand understood": [
		{
			"where": "input/text/stems/stem-in.txt",
			"count": 22,
			"score": 0.00098765
		},
		{
			"where": "input/text/stems/stem-out.txt",
			"count": 22,
			"score": 0.00098765
		}
	],
	"alpaca hidden narwhal practic": [
		{
			"where": "input/text/stems/stem-in.txt",
			"count": 8,
			"score": 0.00035915
		},
		{
			"where": "input/text/stems/stem-out.txt",
			"count": 8,
			"score": 0.00035915
		}
	],
	"and of the to": [
		{
			"where": "input/text/stems/stem-in.txt",
			"count": 5,
			"score": 0.00022447
		},
		{
			"where": "input/text/stems/stem-out.txt",
			"count": 5,
			"score": 0.00022447
		}
	],
	"b c f x": [
	],
	"ebook gutenberg": [
	],
	"how what when where whi who": [
		{
			"where": "input/text/stems/stem-in.txt",
			"count": 6,
			"score": 0.00026936
		},
		{
			"where": "input/text/stems/stem-out.txt",
			"count": 6,
			"score": 0.00026936
		}
	],
	"rfc": [
	],
	"woodchuck": [
	],
	"your yourself yourselv": [
		{
			"where": "input/text/stems/stem-in.txt",
			"count": 4,
			"score": 0.00017957
		},
		{
			"where": "input/text/stems/stem-out.txt",
			"count": 4,
			"score": 0.00017957
		}
	],
	"ø δ": [
	]
}