{
	"ant perf": [
		{
			"where": "https://www.cs.usfca.edu/~cs212/simple/symbols.html",
			"count": 6,
			"score": 1.00000000
		},
		{
			"where": "https://www.cs.usfca.edu/~cs212/simple/",
			"count": 1,
			"score": 0.14285714
		}
	],
	"capybara hidden": [
	],
	"cardin": [
	],
	"four six": [
		{
			"where": "https://www.cs.usfca.edu/~cs212/simple/position.html",
			"count": 4,
			"score": 0.20000000
		},
		{
			"where": "https://www.cs.usfca.edu/~cs212/simple/",
			"count": 1,
			"score": 0.14285714
		}
	],
	"hello world": [
		{
			"where": "https://www.cs.usfca.edu/~cs212/simple/hello.html",
			"count": 8,
			"score": 1.00000000
		},
		{
			"where": "https://www.cs.usfca.edu/~cs212/simple/",
			"count": 1,
			"score": 0.14285714
		}
	],
	"lori": [
	],
	"observ perfor": [
	],
	"perform": [
	]
}